// Jest Snapshot v1, https://goo.gl/fbAQLP

exports[`NewsStack ra should  1`] = `
Object {
  "NewsDetailScreen": Object {
    "navigationOptions": [Function],
    "screen": [Function],
  },
  "NewsScreen": Object {
    "navigationOptions": Object {
      "title": "News Screen",
    },
    "screen": [Function],
  },
}
`;

exports[`NewsStack should  1`] = `undefined`;
